Usage: (13.1%H 25.4%V) = (1.310e+06um 1.055e+06um) = (346545 279155)
Overflow: 6020 = 103 (0.06% H) + 5917 (3.68% V)

Congestion distribution:

Remain	cntH		cntV
--------------------------------------
 -5:	3	 0.00%	96	 0.06%
 -4:	5	 0.00%	114	 0.07%
 -3:	8	 0.00%	423	 0.26%
 -2:	20	 0.01%	1177	 0.73%
 -1:	44	 0.03%	3071	 1.91%
--------------------------------------
  0:	131	 0.08%	8823	 5.49%
  1:	811	 0.50%	13456	 8.37%
  2:	1358	 0.84%	14721	 9.16%
  3:	1105	 0.68%	14438	 8.98%
  4:	1921	 1.19%	11002	 6.84%
  5:	156318	96.66%	93411	58.12%
[hotspot] +------------+---------------+---------------+
[hotspot] |            |   max hotspot | total hotspot |
[hotspot] +------------+---------------+---------------+
[hotspot] | normalized |        124.72 |        231.28 |
[hotspot] +------------+---------------+---------------+
Local HotSpot Analysis: normalized max congestion hotspot area = 124.72, normalized total congestion hotspot area = 231.28 (area is in unit of 4 std-cell row bins)
[hotspot] top 5 congestion hotspot bounding boxes and scores of normalized hotspot
[hotspot] +-----+-------------------------------------+---------------+
[hotspot] | top |            hotspot bbox             | hotspot score |
[hotspot] +-----+-------------------------------------+---------------+
[hotspot] |  1  |   544.56   393.36   695.76   726.00 |      122.89   |
[hotspot] +-----+-------------------------------------+---------------+
[hotspot] |  2  |  1421.52   544.56  1482.00   665.52 |       30.89   |
[hotspot] +-----+-------------------------------------+---------------+
[hotspot] |  3  |   877.20  1270.32   937.68  1330.80 |        5.97   |
[hotspot] +-----+-------------------------------------+---------------+
[hotspot] |  4  |  1058.64  1179.60  1119.12  1240.08 |        5.51   |
[hotspot] +-----+-------------------------------------+---------------+
[hotspot] |  5  |  1058.64   937.68  1119.12   998.16 |        4.98   |
[hotspot] +-----+-------------------------------------+---------------+
